Microchip MPLAB XC8 Compiler V1.37 ()

Linker command line:

-W-3 --edf=C:\Program Files (x86)\Microchip\xc8\v1.37\dat\en_msgs.txt -cs \
  -h+dist/default/production\Sumobot.X.production.sym \
  --cmf=dist/default/production\Sumobot.X.production.cmf -z -Q16F628A \
  -oC:\Users\JUANMA~1\AppData\Local\Temp\s5k8.2 \
  -Mdist/default/production/Sumobot.X.production.map -E1 -ver=XC8 \
  -ASTACK=0A0h-0efh -pstack=STACK -ACODE=00h-07FFh -ASTRCODE=00h-07FFh \
  -ASTRING=00h-0FFhx8 -ACONST=00h-0FFhx8 -AENTRY=00h-0FFhx8 \
  -ACOMMON=070h-07Fh -ABANK0=020h-06Fh -ABANK1=0A0h-0EFh \
  -ABANK2=0120h-014Fh -ARAM=020h-06Fh,0A0h-0EFh,0120h-014Fh \
  -AABS1=020h-07Fh,0A0h-0EFh,0120h-014Fh -ASFR0=00h-01Fh -ASFR1=080h-09Fh \
  -ASFR2=0100h-011Fh -ASFR3=0180h-01EFh \
  -preset_vec=00h,intentry=04h,init,end_init -ppowerup=CODE -pcinit=CODE \
  -pfunctab=CODE -ACONFIG=02007h-02007h -pconfig=CONFIG -DCONFIG=2 \
  -AIDLOC=02000h-02003h -pidloc=IDLOC -DIDLOC=2 -AEEDATA=00h-07Fh/02100h \
  -peeprom_data=EEDATA -DEEDATA=2 -DCODE=2 -DSTRCODE=2 -DSTRING=2 -DCONST=2 \
  -DENTRY=2 -k C:\Users\JUANMA~1\AppData\Local\Temp\s5k8.obj \
  dist/default/production\Sumobot.X.production.obj 

Object code version is 3.11

Machine type is 16F628A



                Name                               Link     Load   Length Selector   Space Scale
C:\Users\JUANMA~1\AppData\Local\Temp\s5k8.obj
                end_init                             10       10        1        8       0
                reset_vec                             0        0        1        0       0
                config                             2007     2007        1     400E       0
dist/default/production\Sumobot.X.production.obj
                cinit                                11       11        2        8       0
                intentry                              4        4        C        8       0
                text6                               32D      32D       43        8       0
                text5                               370      370       39        8       0
                text4                               2EA      2EA       43        8       0
                text3                               1FC      1FC       8F        8       0
                text2                               3A9      3A9       32        8       0
                text1                               28B      28B       5F        8       0
                swtext1                             3E5      3E5        4      7CA       0
                maintext                             13       13      1E9        8       0
                cstackBANK0                          20       20       2B       20       1
                cstackCOMMON                         70       70        D       70       1
                strings                             3DB      3DB        A      7B6       0

TOTAL           Name                               Link     Load   Length     Space
        CLASS   STACK          

        CLASS   CODE           
                end_init                             10       10        1         0
                cinit                                11       11        2         0
                intentry                              4        4        C         0
                reset_vec                             0        0        1         0
                text6                               32D      32D       43         0
                text5                               370      370       39         0
                text4                               2EA      2EA       43         0
                text3                               1FC      1FC       8F         0
                text2                               3A9      3A9       32         0
                text1                               28B      28B       5F         0
                maintext                             13       13      1E9         0

        CLASS   STRCODE        

        CLASS   STRING         
                strings                             3DB      3DB        A         0

        CLASS   CONST          
                swtext1                             3E5      3E5        4         0

        CLASS   ENTRY          

        CLASS   COMMON         
                cstackCOMMON                         70       70        D         1

        CLASS   BANK0          
                cstackBANK0                          20       20       2B         1

        CLASS   BANK1          

        CLASS   BANK2          

        CLASS   RAM            

        CLASS   ABS1           
                abs_s1                               7E       7E        2         1

        CLASS   SFR0           

        CLASS   SFR1           

        CLASS   SFR2           

        CLASS   SFR3           

        CLASS   CONFIG         
                config                             2007     2007        1         0

        CLASS   IDLOC          

        CLASS   EEDATA         

        CLASS   BANK3          



SEGMENTS        Name                           Load    Length   Top    Selector   Space  Class     Delta

                reset_vec                      000000  000001  000001         0       0  CODE        2
                intentry                       000004  0003D7  0003DB         8       0  CODE        2
                cstackBANK0                    000020  00002B  00004B        20       1  BANK0       1
                cstackCOMMON                   000070  00000D  00007D        70       1  COMMON      1
                strings                        0003DB  00000A  0003E5       7B6       0  STRING      2
                swtext1                        0003E5  000004  0003E9       7CA       0  CONST       2
                config                         002007  000001  002008      400E       0  CONFIG      2


UNUSED ADDRESS RANGES

        Name                Unused          Largest block    Delta
        BANK0            004B-006F             25           1
        BANK1            00A0-00EF             50           1
        BANK2            0120-014F             30           1
        CODE             0001-0003              3           2
                         03E9-07FF            417
        COMMON           007D-007D              1           1
        CONST            0001-0003              3           2
                         03E9-07FF            100
        EEDATA           2100-217F             80           2
        ENTRY            0001-0003              3           2
                         03E9-07FF            100
        IDLOC            2000-2003              4           2
        RAM              004B-006F             25           1
                         00A0-00EF             50
                         0120-014F             30
        SFR0             0000-001F             20           1
        SFR1             0080-009F             20           1
        SFR2             0100-011F             20           1
        SFR3             0180-01EF             70           1
        STACK            00A0-00EF             50           1
        STRCODE          0001-0003              3           2
                         03E9-07FF            417
        STRING           0001-0003              3           2
                         03E9-07FF            100

                                  Symbol Table

?___aldiv                  cstackBANK0  0020
_CCP1CONbits               (abs)        0017
_CCPR1L                    (abs)        0015
_CMCON                     (abs)        001F
_DISTANCIA_EN_S            strings      03E1
_INTCONbits                (abs)        000B
_OPTION_REG                (abs)        0081
_PIE1                      (abs)        008C
_PORTA                     (abs)        0005
_PORTAbits                 (abs)        0005
_PORTBbits                 (abs)        0006
_PR2                       (abs)        0092
_T1CONbits                 (abs)        0010
_T2CONbits                 (abs)        0012
_TMR1                      (abs)        000E
_TRISA                     (abs)        0085
_TRISB                     (abs)        0086
__CFG_BOREN$OFF            (abs)        0000
__CFG_CP$OFF               (abs)        0000
__CFG_CPD$OFF              (abs)        0000
__CFG_FOSC$INTOSCIO        (abs)        0000
__CFG_LVP$OFF              (abs)        0000
__CFG_MCLRE$OFF            (abs)        0000
__CFG_PWRTE$OFF            (abs)        0000
__CFG_WDTE$OFF             (abs)        0000
__Habs1                    abs1         0000
__Hbank0                   bank0        0000
__Hbank1                   bank1        0000
__Hbank2                   bank2        0000
__Hbank3                   bank3        0000
__Hcinit                   cinit        0013
__Hclrtext                 clrtext      0000
__Hcode                    code         0000
__Hcommon                  common       0000
__Hconfig                  config       2008
__HcstackBANK0             cstackBANK0  0000
__HcstackCOMMON            cstackCOMMON 0000
__Heeprom_data             eeprom_data  0000
__Hend_init                end_init     0011
__Hfunctab                 functab      0000
__Hidloc                   idloc        0000
__Hinit                    init         0010
__Hintentry                intentry     0010
__Hmaintext                maintext     0000
__Hpowerup                 powerup      0000
__Hram                     ram          0000
__Hreset_vec               reset_vec    0001
__Hsfr0                    sfr0         0000
__Hsfr1                    sfr1         0000
__Hsfr2                    sfr2         0000
__Hsfr3                    sfr3         0000
__Hspace_0                 (abs)        2008
__Hspace_1                 (abs)        007D
__Hspace_2                 (abs)        0000
__Hspace_3                 (abs)        0000
__Hstack                   stack        0000
__Hstrings                 strings      0000
__Htext                    text         0000
__Labs1                    abs1         0000
__Lbank0                   bank0        0000
__Lbank1                   bank1        0000
__Lbank2                   bank2        0000
__Lbank3                   bank3        0000
__Lcinit                   cinit        0011
__Lclrtext                 clrtext      0000
__Lcode                    code         0000
__Lcommon                  common       0000
__Lconfig                  config       2007
__LcstackBANK0             cstackBANK0  0000
__LcstackCOMMON            cstackCOMMON 0000
__Leeprom_data             eeprom_data  0000
__Lend_init                end_init     0010
__Lfunctab                 functab      0000
__Lidloc                   idloc        0000
__Linit                    init         0010
__Lintentry                intentry     0004
__Lmaintext                maintext     0000
__Lpowerup                 powerup      0000
__Lram                     ram          0000
__Lreset_vec               reset_vec    0000
__Lsfr0                    sfr0         0000
__Lsfr1                    sfr1         0000
__Lsfr2                    sfr2         0000
__Lsfr3                    sfr3         0000
__Lspace_0                 (abs)        0000
__Lspace_1                 (abs)        0000
__Lspace_2                 (abs)        0000
__Lspace_3                 (abs)        0000
__Lstack                   stack        0000
__Lstrings                 strings      0000
__Ltext                    text         0000
__S0                       (abs)        2008
__S1                       (abs)        007D
__S2                       (abs)        0000
__S3                       (abs)        0000
___aldiv                   text3        01FC
___aldiv@counter           cstackBANK0  0029
___aldiv@dividend          cstackBANK0  0024
___aldiv@divisor           cstackBANK0  0020
___aldiv@quotient          cstackBANK0  002B
___aldiv@sign              cstackBANK0  002A
___int_sp                  stack        0000
___latbits                 (abs)        0000
___sp                      stack        0000
__end_of_DISTANCIA_EN_S    strings      03E5
__end_of___aldiv           text3        028B
__end_of__initialization   cinit        0011
__end_of__stringtab        strings      03E1
__end_of_color             text5        03A9
__end_of_delayMs           text4        032D
__end_of_delay_us          text2        03DB
__end_of_detectarOponente  text1        02EA
__end_of_main              maintext     01FC
__end_ofi1_delayMs         text6        0370
__initialization           cinit        0011
__pcstackBANK0             cstackBANK0  0020
__pcstackCOMMON            cstackCOMMON 0070
__pintentry                intentry     0004
__pmaintext                maintext     0013
__pstrings                 strings      03DB
__pswtext1                 swtext1      03E5
__ptext1                   text1        028B
__ptext2                   text2        03A9
__ptext3                   text3        01FC
__ptext4                   text4        02EA
__ptext5                   text5        0370
__ptext6                   text6        032D
__size_of___aldiv          (abs)        0000
__size_of_color            (abs)        0000
__size_of_delayMs          (abs)        0000
__size_of_delay_us         (abs)        0000
__size_of_detectarOponente (abs)        0000
__size_of_main             (abs)        0000
__size_ofi1_delayMs        (abs)        0000
__stringbase               strings      03E0
__stringtab                strings      03DB
_color                     text5        0370
_delayMs                   text4        02EA
_delay_us                  text2        03A9
_detectarOponente          text1        028B
_main                      maintext     0013
btemp                      (abs)        007E
color@timerPrendido        cstackCOMMON 007C
delayMs@i                  cstackBANK0  0024
delayMs@ms                 cstackBANK0  0020
delay_us@us                cstackBANK0  002F
end_of_initialization      cinit        0011
i1_delayMs                 text6        032D
i1delayMs@i                cstackCOMMON 0074
i1delayMs@ms               cstackCOMMON 0070
interrupt_function         intentry     0004
intlevel0                  functab      0000
intlevel1                  functab      0000
intlevel2                  functab      0000
intlevel3                  functab      0000
intlevel4                  functab      0000
intlevel5                  functab      0000
ltemp                      (abs)        007E
ltemp0                     (abs)        007E
ltemp1                     (abs)        0082
ltemp2                     (abs)        0086
ltemp3                     (abs)        0080
main@direccion             cstackBANK0  0046
main@i                     cstackBANK0  0047
reset_vec                  reset_vec    0000
saved_w                    (abs)        007E
stackhi                    (abs)        0000
stacklo                    (abs)        0000
start                      init         0010
start_initialization       cinit        0011
ttemp                      (abs)        007E
ttemp0                     (abs)        007E
ttemp1                     (abs)        0081
ttemp2                     (abs)        0084
ttemp3                     (abs)        0087
ttemp4                     (abs)        007F
wtemp                      (abs)        007E
wtemp0                     (abs)        007E
wtemp1                     (abs)        0080
wtemp2                     (abs)        0082
wtemp3                     (abs)        0084
wtemp4                     (abs)        0086
wtemp5                     (abs)        0088
wtemp6                     (abs)        007F


FUNCTION INFORMATION:

 *************** function _main *****************
 Defined at:
		line 27 in file "Sumobot.c"
 Parameters:    Size  Location     Type
  argc            2   33[BANK0 ] int 
  argv            2   35[BANK0 ] PTR PTR unsigned char 
 Auto vars:     Size  Location     Type
  direccion       1   38[BANK0 ] char 
  i               4   39[BANK0 ] long 
 Return value:  Size  Location     Type
                  2   33[BANK0 ] int 
 Registers used:
		wreg, fsr0l, fsr0h, status,2, status,0, btemp+1, pclath, cstack
 Tracked objects:
		On entry : 
		On exit  : 
		Unchanged: 
 Data sizes:     COMMON   BANK0   BANK1   BANK2
      Params:         0       4       0       0
      Locals:         0       5       0       0
      Temps:          0       1       0       0
      Totals:         0      10       0       0
Total ram usage:       10 bytes
 Hardware stack levels required when called:    5
 This function calls:
		_delayMs
		_detectarOponente
 This function is called by:
		Startup code after reset
 This function uses a non-reentrant model


 *************** function _detectarOponente *****************
 Defined at:
		line 24 in file "user.c"
 Parameters:    Size  Location     Type
		None
 Auto vars:     Size  Location     Type
		None
 Return value:  Size  Location     Type
                  1    wreg      char 
 Registers used:
		wreg, fsr0l, fsr0h, status,2, status,0, btemp+1, pclath, cstack
 Tracked objects:
		On entry : 
		On exit  : 
		Unchanged: 
 Data sizes:     COMMON   BANK0   BANK1   BANK2
      Params:         0       0       0       0
      Locals:         0       0       0       0
      Temps:          0      10       0       0
      Totals:         0      10       0       0
Total ram usage:       10 bytes
 Hardware stack levels used:    1
 Hardware stack levels required when called:    4
 This function calls:
		_delayMs
		_delay_us
 This function is called by:
		_main
 This function uses a non-reentrant model


 *************** function _delay_us *****************
 Defined at:
		line 18 in file "user.c"
 Parameters:    Size  Location     Type
  us              4   15[BANK0 ] long 
 Auto vars:     Size  Location     Type
		None
 Return value:  Size  Location     Type
                  1    wreg      void 
 Registers used:
		wreg, status,2, status,0, btemp+1, pclath, cstack
 Tracked objects:
		On entry : 
		On exit  : 
		Unchanged: 
 Data sizes:     COMMON   BANK0   BANK1   BANK2
      Params:         0       4       0       0
      Locals:         0       0       0       0
      Temps:          0       4       0       0
      Totals:         0       8       0       0
Total ram usage:        8 bytes
 Hardware stack levels used:    1
 Hardware stack levels required when called:    3
 This function calls:
		___aldiv
 This function is called by:
		_detectarOponente
 This function uses a non-reentrant model


 *************** function ___aldiv *****************
 Defined at:
		line 6 in file "C:\Program Files (x86)\Microchip\xc8\v1.37\sources\common\aldiv.c"
 Parameters:    Size  Location     Type
  divisor         4    0[BANK0 ] long 
  dividend        4    4[BANK0 ] long 
 Auto vars:     Size  Location     Type
  quotient        4   11[BANK0 ] long 
  sign            1   10[BANK0 ] unsigned char 
  counter         1    9[BANK0 ] unsigned char 
 Return value:  Size  Location     Type
                  4    0[BANK0 ] long 
 Registers used:
		wreg, status,2, status,0
 Tracked objects:
		On entry : 
		On exit  : 
		Unchanged: 
 Data sizes:     COMMON   BANK0   BANK1   BANK2
      Params:         0       8       0       0
      Locals:         0       6       0       0
      Temps:          0       1       0       0
      Totals:         0      15       0       0
Total ram usage:       15 bytes
 Hardware stack levels used:    1
 Hardware stack levels required when called:    2
 This function calls:
		Nothing
 This function is called by:
		_delay_us
 This function uses a non-reentrant model


 *************** function _delayMs *****************
 Defined at:
		line 7 in file "user.c"
 Parameters:    Size  Location     Type
  ms              4    0[BANK0 ] long 
 Auto vars:     Size  Location     Type
  i               4    4[BANK0 ] long 
 Return value:  Size  Location     Type
                  1    wreg      void 
 Registers used:
		wreg, status,2, btemp+1
 Tracked objects:
		On entry : 
		On exit  : 
		Unchanged: 
 Data sizes:     COMMON   BANK0   BANK1   BANK2
      Params:         0       4       0       0
      Locals:         0       4       0       0
      Temps:          0       0       0       0
      Totals:         0       8       0       0
Total ram usage:        8 bytes
 Hardware stack levels used:    1
 Hardware stack levels required when called:    2
 This function calls:
		Nothing
 This function is called by:
		_main
		_detectarOponente
 This function uses a non-reentrant model


 *************** function _color *****************
 Defined at:
		line 4 in file "interruption.c"
 Parameters:    Size  Location     Type
		None
 Auto vars:     Size  Location     Type
  timerPrendid    1   12[COMMON] char 
 Return value:  Size  Location     Type
                  1    wreg      void 
 Registers used:
		wreg, status,2, status,0, btemp+1, pclath, cstack
 Tracked objects:
		On entry : 
		On exit  : 
		Unchanged: 
 Data sizes:     COMMON   BANK0   BANK1   BANK2
      Params:         0       0       0       0
      Locals:         1       0       0       0
      Temps:          4       0       0       0
      Totals:         5       0       0       0
Total ram usage:        5 bytes
 Hardware stack levels used:    1
 Hardware stack levels required when called:    1
 This function calls:
		i1_delayMs
 This function is called by:
		Interrupt level 1
 This function uses a non-reentrant model


 *************** function i1_delayMs *****************
 Defined at:
		line 7 in file "user.c"
 Parameters:    Size  Location     Type
  ms              4    0[COMMON] long 
 Auto vars:     Size  Location     Type
  delayMs         4    4[COMMON] long 
 Return value:  Size  Location     Type
                  1    wreg      void 
 Registers used:
		wreg, status,2, btemp+1
 Tracked objects:
		On entry : 
		On exit  : 
		Unchanged: 
 Data sizes:     COMMON   BANK0   BANK1   BANK2
      Params:         4       0       0       0
      Locals:         4       0       0       0
      Temps:          0       0       0       0
      Totals:         8       0       0       0
Total ram usage:        8 bytes
 Hardware stack levels used:    1
 This function calls:
		Nothing
 This function is called by:
		_color
 This function uses a non-reentrant model



MODULE INFORMATION

Module		Function		Class		Link	Load	Size
interruption.c
		_color         		CODE           	0370	0000	58

interruption.c estimated size: 58

C:\Program Files (x86)\Microchip\xc8\v1.37\sources\common\aldiv.c
		___aldiv       		CODE           	01FC	0000	144

C:\Program Files (x86)\Microchip\xc8\v1.37\sources\common\aldiv.c estimated size: 144

shared
		__stringtab    		STRING         	03DB	0000	7
		_DISTANCIA_EN_S		STRING         	03E1	0000	5
		__initialization		CODE           	0011	0000	1
		i1_delayMs     		CODE           	032D	0000	68

shared estimated size: 81

user.c
		_delay_us      		CODE           	03A9	0000	51
		_delayMs       		CODE           	02EA	0000	68
		_detectarOponente		CODE           	028B	0000	96

user.c estimated size: 215

Sumobot.c
		_main          		CODE           	0013	0000	490

Sumobot.c estimated size: 490

